// Jest Snapshot v1, https://goo.gl/fbAQLP

exports[`Logo renders correctly 1`] = `
<div
  className="container"
>
  <img
    alt="Music Mashup"
    height="123"
    src={Object {}}
    title="Music Mashup"
    width="200"
  />
</div>
`;
